<table width="100%" border="1">
<tr style="background-color: #999999;">
<th align="center">#</th>    <th align="center"> City ID </th>    <th align="center"> City Name </th>    <th align="center"> Nscb Code </th>    <th align="center"> [Province] Province ID </th>    <th align="center"> [Province] Province Name </th>    <th align="center"> [Province] Nscb Code </th>    </tr>    <tr class="listText">
    <td align="center"> 1 </td>        <td align="center"> 308 </td>        <td align="left"> CALOOCAN CITY </td>        <td align="right"> 137,501,000.00 </td>        <td align="center"> 54 </td>        <td align="left"> NCR National Capital Region </td>        <td align="right"> 133,900,000.00 </td>    </tr>    <tr class="listTextAlt">
    <td align="center"> 2 </td>        <td align="center"> 365 </td>        <td align="left"> CITY OF  LAS PI&Ntilde;AS </td>        <td align="right"> 137,601,000.00 </td>        <td align="center"> 54 </td>        <td align="left"> NCR National Capital Region </td>        <td align="right"> 133,900,000.00 </td>    </tr>    <tr class="listText">
    <td align="center"> 3 </td>        <td align="center"> 366 </td>        <td align="left"> CITY OF  MAKATI </td>        <td align="right"> 137,602,000.00 </td>        <td align="center"> 54 </td>        <td align="left"> NCR National Capital Region </td>        <td align="right"> 133,900,000.00 </td>    </tr>    <tr class="listTextAlt">
    <td align="center"> 4 </td>        <td align="center"> 367 </td>        <td align="left"> CITY OF  MALABON </td>        <td align="right"> 137,502,000.00 </td>        <td align="center"> 54 </td>        <td align="left"> NCR National Capital Region </td>        <td align="right"> 133,900,000.00 </td>    </tr>    <tr class="listText">
    <td align="center"> 5 </td>        <td align="center"> 368 </td>        <td align="left"> CITY OF  MANDALUYONG </td>        <td align="right"> 137,401,000.00 </td>        <td align="center"> 54 </td>        <td align="left"> NCR National Capital Region </td>        <td align="right"> 133,900,000.00 </td>    </tr>    <tr class="listTextAlt">
    <td align="center"> 6 </td>        <td align="center"> 369 </td>        <td align="left"> CITY OF  MARIKINA </td>        <td align="right"> 137,402,000.00 </td>        <td align="center"> 54 </td>        <td align="left"> NCR National Capital Region </td>        <td align="right"> 133,900,000.00 </td>    </tr>    <tr class="listText">
    <td align="center"> 7 </td>        <td align="center"> 370 </td>        <td align="left"> CITY OF  MUNTINLUPA </td>        <td align="right"> 137,603,000.00 </td>        <td align="center"> 54 </td>        <td align="left"> NCR National Capital Region </td>        <td align="right"> 133,900,000.00 </td>    </tr>    <tr class="listTextAlt">
    <td align="center"> 8 </td>        <td align="center"> 371 </td>        <td align="left"> CITY OF  NAVOTAS </td>        <td align="right"> 137,503,000.00 </td>        <td align="center"> 54 </td>        <td align="left"> NCR National Capital Region </td>        <td align="right"> 133,900,000.00 </td>    </tr>    <tr class="listText">
    <td align="center"> 9 </td>        <td align="center"> 372 </td>        <td align="left"> CITY OF  PARA?AQUE </td>        <td align="right"> 137,604,000.00 </td>        <td align="center"> 54 </td>        <td align="left"> NCR National Capital Region </td>        <td align="right"> 133,900,000.00 </td>    </tr>    <tr class="listTextAlt">
    <td align="center"> 10 </td>        <td align="center"> 373 </td>        <td align="left"> CITY OF  PASIG </td>        <td align="right"> 137,403,000.00 </td>        <td align="center"> 54 </td>        <td align="left"> NCR National Capital Region </td>        <td align="right"> 133,900,000.00 </td>    </tr>    <tr class="listText">
    <td align="center"> 11 </td>        <td align="center"> 374 </td>        <td align="left"> CITY OF  SAN JUAN </td>        <td align="right"> 137,405,000.00 </td>        <td align="center"> 54 </td>        <td align="left"> NCR National Capital Region </td>        <td align="right"> 133,900,000.00 </td>    </tr>    <tr class="listTextAlt">
    <td align="center"> 12 </td>        <td align="center"> 375 </td>        <td align="left"> CITY OF  VALENZUELA </td>        <td align="right"> 137,504,000.00 </td>        <td align="center"> 54 </td>        <td align="left"> NCR National Capital Region </td>        <td align="right"> 133,900,000.00 </td>    </tr>    <tr class="listText">
    <td align="center"> 13 </td>        <td align="center"> 1102 </td>        <td align="left"> PASAY CITY </td>        <td align="right"> 137,605,000.00 </td>        <td align="center"> 54 </td>        <td align="left"> NCR National Capital Region </td>        <td align="right"> 133,900,000.00 </td>    </tr>    <tr class="listTextAlt">
    <td align="center"> 14 </td>        <td align="center"> 1107 </td>        <td align="left"> PATEROS </td>        <td align="right"> 137,606,000.00 </td>        <td align="center"> 54 </td>        <td align="left"> NCR National Capital Region </td>        <td align="right"> 133,900,000.00 </td>    </tr>    <tr class="listText">
    <td align="center"> 15 </td>        <td align="center"> 1185 </td>        <td align="left"> QUEZON CITY </td>        <td align="right"> 137,404,000.00 </td>        <td align="center"> 54 </td>        <td align="left"> NCR National Capital Region </td>        <td align="right"> 133,900,000.00 </td>    </tr>    <tr class="listTextAlt">
    <td align="center"> 16 </td>        <td align="center"> 1508 </td>        <td align="left"> TAGUIG CITY </td>        <td align="right"> 137,607,000.00 </td>        <td align="center"> 54 </td>        <td align="left"> NCR National Capital Region </td>        <td align="right"> 133,900,000.00 </td>    </tr><tr style="background-color: #999999;">
<th align="center">16</th>    <th align="center">  </th>    <th align="left">  </th>    <th align="right"> 2,200,253,000.00 </th>    <th align="center">  </th>    <th align="left">  </th>    <th align="right"> 2,142,400,000.00 </th></tr>
</table>