<table width="100%" border="1">
<tr style="background-color: #999999;">
<th align="center">#</th>    <th align="center"> Bulletin ID </th>    <th align="center"> Bulletin Date </th>    <th align="center"> Bulletin Name </th>    <th align="center"> Bulletin Description </th>    <th align="center"> Filename </th>    <th align="center"> Category </th>    <th align="center"> [Official] Official ID </th>    <th align="center"> [Official] Date Registered </th>    <th align="center"> [Official] Position </th>    <th align="center"> [Official] Term Period From </th>    <th align="center"> [Official] Term Period To </th>    </tr>    <tr class="listText">
    <td align="center"> 1 </td>        <td align="center"> 2 </td>        <td align="left"> 2016-03-01 </td>        <td align="left"> Feeding Program </td>        <td align="left"> Feeding and Nutrition Program is designed to provide supplemental food to malnourished children aged 6 and below, as this is the critical brain development age for children. The Program involves providing one complete nutritious meal five days a week for a period of 6 months. </td>        <td align="left"> efe9ac6179dddb0e1684e98630f12caa6126b5f5feeding.jpg </td>        <td align="left"> Information </td>        <td align="center"> 1 </td>        <td align="left"> 2016-02-18 </td>        <td align="left"> Barangay Kagawad </td>        <td align="left"> 2016-02-18 </td>        <td align="left"> 2016-02-18 </td>    </tr><tr style="background-color: #999999;">
<th align="center">1</th>    <th align="center">  </th>    <th align="left">  </th>    <th align="left">  </th>    <th align="left">  </th>    <th align="left">  </th>    <th align="left">  </th>    <th align="center">  </th>    <th align="left">  </th>    <th align="left">  </th>    <th align="left">  </th>    <th align="left">  </th></tr>
</table>