<table width="100%" border="1">
<tr style="background-color: #999999;">
<th align="center">#</th>    <th align="center"> Bulletin Name </th>    <th align="center"> Bulletin Description </th>    </tr>    <tr class="listText">
    <td align="center"> 1 </td>        <td align="left"> Feeding Program </td>        <td align="left"> Feeding and Nutrition Program is designed to provide supplemental food to malnourished children aged 6 and below, as this is the critical brain development age for children. The Program involves providing one complete nutritious meal five days a week for a period of 6 months. </td>    </tr>    <tr class="listTextAlt">
    <td align="center"> 2 </td>        <td align="left"> Vaccine </td>        <td align="left"> Ang bakuna[1][2] o baksinasyon ay ang pagbibigay sa isang tao ng isang sustansiyang nakasasanhi ng tugon mula sistemang imyuno. Isang paraan ang sistemang imyuno ng paglaban ng katawan sa mga impeksiyon. Dahil sa tugon ng sistemang imyuno, mas mababa ang pagkakataon na magkaroon ng impeksiyon ang isang tao. Kapag nabantad ang isang tao sa birus o bakteryang nakapagdurulot ng sakit, mapaglalaban ito ng tao at hindi siya magkakaroon ng karamdaman. </td>    </tr>    <tr class="listText">
    <td align="center"> 3 </td>        <td align="left"> Washing Hands </td>        <td align="left"> A proper hand washing takes about 15 seconds, about the amount of time it takes to sing the &quot;Alphabet Song&quot; or &ldquo;Happy Birthday to You.&rdquo; </td>    </tr>    <tr class="listTextAlt">
    <td align="center"> 4 </td>        <td align="left"> Liga ng Barangay </td>        <td align="left"> The Liga ng mga Barangay sa Pilipinas, also known as in English League of Barangays of the Philippines and the Association of Barangay Captains is a formal organization of all the barangays in the Philippines. Presently, almost 42,000 barangays are part of this organization, making it the association of Philippine local government units with the largest membership </td>    </tr>    <tr class="listText">
    <td align="center"> 5 </td>        <td align="left"> Family Planning </td>        <td align="left"> refers to the factors that may be considered by a couple in a committed relationship and each individual involved in deciding if and when to have children. </td>    </tr>    <tr class="listTextAlt">
    <td align="center"> 6 </td>        <td align="left"> Prevention Of Dengue </td>        <td align="left"> Dengue is a viral disease, transmitted by the infective bite of a particular mosquito known as Aedes Aegypti. Human being develops disease after 5 &ndash; 6 days of being bitten by an infective mosquito. It occurs in two forms: Classical Dengue fever also known as &ldquo;break bone&rdquo; fever and Dengue Haemorrhagic Fever (DHF) which is life threatening. It is very common after rainy season. It is highly contagious and spreads from one person to another through mosquito bites. It is widespread in tropical and sub-tropical regions.<br />
It is a very common disease in India since last two decades. Dengue can affect everybody, irrespective of their age and gender. However, deaths are common amongst children during DHF outbreak. </td>    </tr>    <tr class="listText">
    <td align="center"> 7 </td>        <td align="left"> Good Manners </td>        <td align="left"> Children and adults who have good manners are pleasant to be with and we generally tend to want to spend more time in the company of well-mannered folks.<br />
<br />
At school, as with parenting, we spend many times during the day reminding our children to &lsquo;mind their manners&rsquo;, to remind them of the expectation in the classroom and at school. Over the years I have had enjoyed visiting many different schools and I am always curious as to the neatness of the campus and the perception of good manners in the school. First impressions are important. </td>    </tr><tr style="background-color: #999999;">
<th align="center">7</th>    <th align="left">  </th>    <th align="left">  </th></tr>
</table>