<table width="100%" border="1">
<tr style="background-color: #999999;">
<th align="center">#</th>    <th align="center"> Link ID </th>    <th align="center"> Name </th>    <th align="center"> Target </th>    <th align="center"> Descriptive Title </th>    <th align="center"> Description </th>    <th align="center"> [User Passport Groups] Passport Group ID </th>    <th align="center"> [User Passport Groups] Passport Group </th>    <th align="center"> [User Passport Groups] Priority </th>    <th align="center"> [User Passport Groups] Icon </th>    <th align="center"> Show In Tasklist </th>    <th align="center"> Status </th>    <th align="center"> Icon </th>    <th align="center"> Priority </th>    </tr>    <tr class="listText">
    <td align="center"> 1 </td>        <td align="right"> 37 </td>        <td align="left"> Add barangay </td>        <td align="left"> modules/barangay/add_barangay.php </td>        <td align="left"> Add Barangay </td>        <td align="left">  </td>        <td align="right"> 1 </td>        <td align="left"> Default </td>        <td align="left"> 0 </td>        <td align="left"> blue_folder3.png </td>        <td align="left"> No </td>        <td align="left"> On </td>        <td align="left"> form3.png </td>        <td align="center"> 0 </td>    </tr>    <tr class="listTextAlt">
    <td align="center"> 2 </td>        <td align="right"> 38 </td>        <td align="left"> Edit barangay </td>        <td align="left"> modules/barangay/edit_barangay.php </td>        <td align="left"> Edit Barangay </td>        <td align="left">  </td>        <td align="right"> 1 </td>        <td align="left"> Default </td>        <td align="left"> 0 </td>        <td align="left"> blue_folder3.png </td>        <td align="left"> No </td>        <td align="left"> On </td>        <td align="left"> form3.png </td>        <td align="center"> 0 </td>    </tr>    <tr class="listText">
    <td align="center"> 3 </td>        <td align="right"> 39 </td>        <td align="left"> View barangay </td>        <td align="left"> modules/barangay/listview_barangay.php </td>        <td align="left"> Barangay </td>        <td align="left">  </td>        <td align="right"> 1 </td>        <td align="left"> Default </td>        <td align="left"> 0 </td>        <td align="left"> blue_folder3.png </td>        <td align="left"> Yes </td>        <td align="left"> On </td>        <td align="left"> form3.png </td>        <td align="center"> 0 </td>    </tr>    <tr class="listTextAlt">
    <td align="center"> 4 </td>        <td align="right"> 40 </td>        <td align="left"> Delete barangay </td>        <td align="left"> modules/barangay/delete_barangay.php </td>        <td align="left"> Delete Barangay </td>        <td align="left">  </td>        <td align="right"> 1 </td>        <td align="left"> Default </td>        <td align="left"> 0 </td>        <td align="left"> blue_folder3.png </td>        <td align="left"> No </td>        <td align="left"> On </td>        <td align="left"> form3.png </td>        <td align="center"> 0 </td>    </tr>    <tr class="listText">
    <td align="center"> 5 </td>        <td align="right"> 41 </td>        <td align="left"> Add barangay clearance </td>        <td align="left"> modules/document/add_barangay_clearance.php </td>        <td align="left"> Add Barangay Clearance </td>        <td align="left">  </td>        <td align="right"> 1 </td>        <td align="left"> Default </td>        <td align="left"> 0 </td>        <td align="left"> blue_folder3.png </td>        <td align="left"> No </td>        <td align="left"> On </td>        <td align="left"> form3.png </td>        <td align="center"> 0 </td>    </tr>    <tr class="listTextAlt">
    <td align="center"> 6 </td>        <td align="right"> 42 </td>        <td align="left"> Edit barangay clearance </td>        <td align="left"> modules/document/edit_barangay_clearance.php </td>        <td align="left"> Edit Barangay Clearance </td>        <td align="left">  </td>        <td align="right"> 1 </td>        <td align="left"> Default </td>        <td align="left"> 0 </td>        <td align="left"> blue_folder3.png </td>        <td align="left"> No </td>        <td align="left"> On </td>        <td align="left"> form3.png </td>        <td align="center"> 0 </td>    </tr>    <tr class="listText">
    <td align="center"> 7 </td>        <td align="right"> 43 </td>        <td align="left"> View barangay clearance </td>        <td align="left"> modules/document/listview_barangay_clearance.php </td>        <td align="left"> Barangay Clearance </td>        <td align="left">  </td>        <td align="right"> 1 </td>        <td align="left"> Default </td>        <td align="left"> 0 </td>        <td align="left"> blue_folder3.png </td>        <td align="left"> Yes </td>        <td align="left"> On </td>        <td align="left"> form3.png </td>        <td align="center"> 0 </td>    </tr>    <tr class="listTextAlt">
    <td align="center"> 8 </td>        <td align="right"> 44 </td>        <td align="left"> Delete barangay clearance </td>        <td align="left"> modules/document/delete_barangay_clearance.php </td>        <td align="left"> Delete Barangay Clearance </td>        <td align="left">  </td>        <td align="right"> 1 </td>        <td align="left"> Default </td>        <td align="left"> 0 </td>        <td align="left"> blue_folder3.png </td>        <td align="left"> No </td>        <td align="left"> On </td>        <td align="left"> form3.png </td>        <td align="center"> 0 </td>    </tr>    <tr class="listText">
    <td align="center"> 9 </td>        <td align="right"> 45 </td>        <td align="left"> Add bulletin </td>        <td align="left"> modules/bulletin/add_bulletin.php </td>        <td align="left"> Add Bulletin </td>        <td align="left">  </td>        <td align="right"> 1 </td>        <td align="left"> Default </td>        <td align="left"> 0 </td>        <td align="left"> blue_folder3.png </td>        <td align="left"> No </td>        <td align="left"> On </td>        <td align="left"> form3.png </td>        <td align="center"> 0 </td>    </tr>    <tr class="listTextAlt">
    <td align="center"> 10 </td>        <td align="right"> 46 </td>        <td align="left"> Edit bulletin </td>        <td align="left"> modules/bulletin/edit_bulletin.php </td>        <td align="left"> Edit Bulletin </td>        <td align="left">  </td>        <td align="right"> 1 </td>        <td align="left"> Default </td>        <td align="left"> 0 </td>        <td align="left"> blue_folder3.png </td>        <td align="left"> No </td>        <td align="left"> On </td>        <td align="left"> form3.png </td>        <td align="center"> 0 </td>    </tr>    <tr class="listText">
    <td align="center"> 11 </td>        <td align="right"> 47 </td>        <td align="left"> View bulletin </td>        <td align="left"> modules/bulletin/listview_bulletin.php </td>        <td align="left"> Bulletin </td>        <td align="left">  </td>        <td align="right"> 1 </td>        <td align="left"> Default </td>        <td align="left"> 0 </td>        <td align="left"> blue_folder3.png </td>        <td align="left"> Yes </td>        <td align="left"> On </td>        <td align="left"> form3.png </td>        <td align="center"> 0 </td>    </tr>    <tr class="listTextAlt">
    <td align="center"> 12 </td>        <td align="right"> 48 </td>        <td align="left"> Delete bulletin </td>        <td align="left"> modules/bulletin/delete_bulletin.php </td>        <td align="left"> Delete Bulletin </td>        <td align="left">  </td>        <td align="right"> 1 </td>        <td align="left"> Default </td>        <td align="left"> 0 </td>        <td align="left"> blue_folder3.png </td>        <td align="left"> No </td>        <td align="left"> On </td>        <td align="left"> form3.png </td>        <td align="center"> 0 </td>    </tr>    <tr class="listText">
    <td align="center"> 13 </td>        <td align="right"> 49 </td>        <td align="left"> Add business permit </td>        <td align="left"> modules/document/add_business_permit.php </td>        <td align="left"> Add Business Permit </td>        <td align="left">  </td>        <td align="right"> 1 </td>        <td align="left"> Default </td>        <td align="left"> 0 </td>        <td align="left"> blue_folder3.png </td>        <td align="left"> No </td>        <td align="left"> On </td>        <td align="left"> form3.png </td>        <td align="center"> 0 </td>    </tr>    <tr class="listTextAlt">
    <td align="center"> 14 </td>        <td align="right"> 50 </td>        <td align="left"> Edit business permit </td>        <td align="left"> modules/document/edit_business_permit.php </td>        <td align="left"> Edit Business Permit </td>        <td align="left">  </td>        <td align="right"> 1 </td>        <td align="left"> Default </td>        <td align="left"> 0 </td>        <td align="left"> blue_folder3.png </td>        <td align="left"> No </td>        <td align="left"> On </td>        <td align="left"> form3.png </td>        <td align="center"> 0 </td>    </tr>    <tr class="listText">
    <td align="center"> 15 </td>        <td align="right"> 51 </td>        <td align="left"> View business permit </td>        <td align="left"> modules/document/listview_business_permit.php </td>        <td align="left"> Business Permit </td>        <td align="left">  </td>        <td align="right"> 1 </td>        <td align="left"> Default </td>        <td align="left"> 0 </td>        <td align="left"> blue_folder3.png </td>        <td align="left"> Yes </td>        <td align="left"> On </td>        <td align="left"> form3.png </td>        <td align="center"> 0 </td>    </tr>    <tr class="listTextAlt">
    <td align="center"> 16 </td>        <td align="right"> 52 </td>        <td align="left"> Delete business permit </td>        <td align="left"> modules/document/delete_business_permit.php </td>        <td align="left"> Delete Business Permit </td>        <td align="left">  </td>        <td align="right"> 1 </td>        <td align="left"> Default </td>        <td align="left"> 0 </td>        <td align="left"> blue_folder3.png </td>        <td align="left"> No </td>        <td align="left"> On </td>        <td align="left"> form3.png </td>        <td align="center"> 0 </td>    </tr>    <tr class="listText">
    <td align="center"> 17 </td>        <td align="right"> 53 </td>        <td align="left"> Add cedula </td>        <td align="left"> modules/document/add_cedula.php </td>        <td align="left"> Add Cedula </td>        <td align="left">  </td>        <td align="right"> 1 </td>        <td align="left"> Default </td>        <td align="left"> 0 </td>        <td align="left"> blue_folder3.png </td>        <td align="left"> No </td>        <td align="left"> On </td>        <td align="left"> form3.png </td>        <td align="center"> 0 </td>    </tr>    <tr class="listTextAlt">
    <td align="center"> 18 </td>        <td align="right"> 54 </td>        <td align="left"> Edit cedula </td>        <td align="left"> modules/document/edit_cedula.php </td>        <td align="left"> Edit Cedula </td>        <td align="left">  </td>        <td align="right"> 1 </td>        <td align="left"> Default </td>        <td align="left"> 0 </td>        <td align="left"> blue_folder3.png </td>        <td align="left"> No </td>        <td align="left"> On </td>        <td align="left"> form3.png </td>        <td align="center"> 0 </td>    </tr>    <tr class="listText">
    <td align="center"> 19 </td>        <td align="right"> 55 </td>        <td align="left"> View cedula </td>        <td align="left"> modules/document/listview_cedula.php </td>        <td align="left"> Cedula </td>        <td align="left">  </td>        <td align="right"> 1 </td>        <td align="left"> Default </td>        <td align="left"> 0 </td>        <td align="left"> blue_folder3.png </td>        <td align="left"> Yes </td>        <td align="left"> On </td>        <td align="left"> form3.png </td>        <td align="center"> 0 </td>    </tr>    <tr class="listTextAlt">
    <td align="center"> 20 </td>        <td align="right"> 56 </td>        <td align="left"> Delete cedula </td>        <td align="left"> modules/document/delete_cedula.php </td>        <td align="left"> Delete Cedula </td>        <td align="left">  </td>        <td align="right"> 1 </td>        <td align="left"> Default </td>        <td align="left"> 0 </td>        <td align="left"> blue_folder3.png </td>        <td align="left"> No </td>        <td align="left"> On </td>        <td align="left"> form3.png </td>        <td align="center"> 0 </td>    </tr>    <tr class="listText">
    <td align="center"> 21 </td>        <td align="right"> 57 </td>        <td align="left"> Add citizen </td>        <td align="left"> modules/citizen/add_citizen.php </td>        <td align="left"> Add Citizen </td>        <td align="left">  </td>        <td align="right"> 1 </td>        <td align="left"> Default </td>        <td align="left"> 0 </td>        <td align="left"> blue_folder3.png </td>        <td align="left"> No </td>        <td align="left"> On </td>        <td align="left"> form3.png </td>        <td align="center"> 0 </td>    </tr>    <tr class="listTextAlt">
    <td align="center"> 22 </td>        <td align="right"> 58 </td>        <td align="left"> Edit citizen </td>        <td align="left"> modules/citizen/edit_citizen.php </td>        <td align="left"> Edit Citizen </td>        <td align="left">  </td>        <td align="right"> 1 </td>        <td align="left"> Default </td>        <td align="left"> 0 </td>        <td align="left"> blue_folder3.png </td>        <td align="left"> No </td>        <td align="left"> On </td>        <td align="left"> form3.png </td>        <td align="center"> 0 </td>    </tr>    <tr class="listText">
    <td align="center"> 23 </td>        <td align="right"> 59 </td>        <td align="left"> View citizen </td>        <td align="left"> modules/citizen/listview_citizen.php </td>        <td align="left"> Citizen </td>        <td align="left">  </td>        <td align="right"> 1 </td>        <td align="left"> Default </td>        <td align="left"> 0 </td>        <td align="left"> blue_folder3.png </td>        <td align="left"> Yes </td>        <td align="left"> On </td>        <td align="left"> form3.png </td>        <td align="center"> 0 </td>    </tr>    <tr class="listTextAlt">
    <td align="center"> 24 </td>        <td align="right"> 60 </td>        <td align="left"> Delete citizen </td>        <td align="left"> modules/citizen/delete_citizen.php </td>        <td align="left"> Delete Citizen </td>        <td align="left">  </td>        <td align="right"> 1 </td>        <td align="left"> Default </td>        <td align="left"> 0 </td>        <td align="left"> blue_folder3.png </td>        <td align="left"> No </td>        <td align="left"> On </td>        <td align="left"> form3.png </td>        <td align="center"> 0 </td>    </tr>    <tr class="listText">
    <td align="center"> 25 </td>        <td align="right"> 61 </td>        <td align="left"> Add city </td>        <td align="left"> modules/city/add_city.php </td>        <td align="left"> Add City </td>        <td align="left">  </td>        <td align="right"> 1 </td>        <td align="left"> Default </td>        <td align="left"> 0 </td>        <td align="left"> blue_folder3.png </td>        <td align="left"> No </td>        <td align="left"> On </td>        <td align="left"> form3.png </td>        <td align="center"> 0 </td>    </tr>    <tr class="listTextAlt">
    <td align="center"> 26 </td>        <td align="right"> 62 </td>        <td align="left"> Edit city </td>        <td align="left"> modules/city/edit_city.php </td>        <td align="left"> Edit City </td>        <td align="left">  </td>        <td align="right"> 1 </td>        <td align="left"> Default </td>        <td align="left"> 0 </td>        <td align="left"> blue_folder3.png </td>        <td align="left"> No </td>        <td align="left"> On </td>        <td align="left"> form3.png </td>        <td align="center"> 0 </td>    </tr>    <tr class="listText">
    <td align="center"> 27 </td>        <td align="right"> 63 </td>        <td align="left"> View city </td>        <td align="left"> modules/city/listview_city.php </td>        <td align="left"> City </td>        <td align="left">  </td>        <td align="right"> 1 </td>        <td align="left"> Default </td>        <td align="left"> 0 </td>        <td align="left"> blue_folder3.png </td>        <td align="left"> Yes </td>        <td align="left"> On </td>        <td align="left"> form3.png </td>        <td align="center"> 0 </td>    </tr>    <tr class="listTextAlt">
    <td align="center"> 28 </td>        <td align="right"> 64 </td>        <td align="left"> Delete city </td>        <td align="left"> modules/city/delete_city.php </td>        <td align="left"> Delete City </td>        <td align="left">  </td>        <td align="right"> 1 </td>        <td align="left"> Default </td>        <td align="left"> 0 </td>        <td align="left"> blue_folder3.png </td>        <td align="left"> No </td>        <td align="left"> On </td>        <td align="left"> form3.png </td>        <td align="center"> 0 </td>    </tr>    <tr class="listText">
    <td align="center"> 29 </td>        <td align="right"> 65 </td>        <td align="left"> Add complain </td>        <td align="left"> modules/service/add_complain.php </td>        <td align="left"> Add Complain </td>        <td align="left">  </td>        <td align="right"> 1 </td>        <td align="left"> Default </td>        <td align="left"> 0 </td>        <td align="left"> blue_folder3.png </td>        <td align="left"> No </td>        <td align="left"> On </td>        <td align="left"> form3.png </td>        <td align="center"> 0 </td>    </tr>    <tr class="listTextAlt">
    <td align="center"> 30 </td>        <td align="right"> 66 </td>        <td align="left"> Edit complain </td>        <td align="left"> modules/service/edit_complain.php </td>        <td align="left"> Edit Complain </td>        <td align="left">  </td>        <td align="right"> 1 </td>        <td align="left"> Default </td>        <td align="left"> 0 </td>        <td align="left"> blue_folder3.png </td>        <td align="left"> No </td>        <td align="left"> On </td>        <td align="left"> form3.png </td>        <td align="center"> 0 </td>    </tr>    <tr class="listText">
    <td align="center"> 31 </td>        <td align="right"> 67 </td>        <td align="left"> View complain </td>        <td align="left"> modules/service/listview_complain.php </td>        <td align="left"> Complain </td>        <td align="left">  </td>        <td align="right"> 1 </td>        <td align="left"> Default </td>        <td align="left"> 0 </td>        <td align="left"> blue_folder3.png </td>        <td align="left"> Yes </td>        <td align="left"> On </td>        <td align="left"> form3.png </td>        <td align="center"> 0 </td>    </tr>    <tr class="listTextAlt">
    <td align="center"> 32 </td>        <td align="right"> 68 </td>        <td align="left"> Delete complain </td>        <td align="left"> modules/service/delete_complain.php </td>        <td align="left"> Delete Complain </td>        <td align="left">  </td>        <td align="right"> 1 </td>        <td align="left"> Default </td>        <td align="left"> 0 </td>        <td align="left"> blue_folder3.png </td>        <td align="left"> No </td>        <td align="left"> On </td>        <td align="left"> form3.png </td>        <td align="center"> 0 </td>    </tr>    <tr class="listText">
    <td align="center"> 33 </td>        <td align="right"> 69 </td>        <td align="left"> Add day care </td>        <td align="left"> modules/service/add_day_care.php </td>        <td align="left"> Add Day Care </td>        <td align="left">  </td>        <td align="right"> 1 </td>        <td align="left"> Default </td>        <td align="left"> 0 </td>        <td align="left"> blue_folder3.png </td>        <td align="left"> No </td>        <td align="left"> On </td>        <td align="left"> form3.png </td>        <td align="center"> 0 </td>    </tr>    <tr class="listTextAlt">
    <td align="center"> 34 </td>        <td align="right"> 70 </td>        <td align="left"> Edit day care </td>        <td align="left"> modules/service/edit_day_care.php </td>        <td align="left"> Edit Day Care </td>        <td align="left">  </td>        <td align="right"> 1 </td>        <td align="left"> Default </td>        <td align="left"> 0 </td>        <td align="left"> blue_folder3.png </td>        <td align="left"> No </td>        <td align="left"> On </td>        <td align="left"> form3.png </td>        <td align="center"> 0 </td>    </tr>    <tr class="listText">
    <td align="center"> 35 </td>        <td align="right"> 71 </td>        <td align="left"> View day care </td>        <td align="left"> modules/service/listview_day_care.php </td>        <td align="left"> Day Care </td>        <td align="left">  </td>        <td align="right"> 1 </td>        <td align="left"> Default </td>        <td align="left"> 0 </td>        <td align="left"> blue_folder3.png </td>        <td align="left"> Yes </td>        <td align="left"> On </td>        <td align="left"> form3.png </td>        <td align="center"> 0 </td>    </tr>    <tr class="listTextAlt">
    <td align="center"> 36 </td>        <td align="right"> 72 </td>        <td align="left"> Delete day care </td>        <td align="left"> modules/service/delete_day_care.php </td>        <td align="left"> Delete Day Care </td>        <td align="left">  </td>        <td align="right"> 1 </td>        <td align="left"> Default </td>        <td align="left"> 0 </td>        <td align="left"> blue_folder3.png </td>        <td align="left"> No </td>        <td align="left"> On </td>        <td align="left"> form3.png </td>        <td align="center"> 0 </td>    </tr>    <tr class="listText">
    <td align="center"> 37 </td>        <td align="right"> 73 </td>        <td align="left"> Add document </td>        <td align="left"> modules/document/add_document.php </td>        <td align="left"> Add Document </td>        <td align="left">  </td>        <td align="right"> 1 </td>        <td align="left"> Default </td>        <td align="left"> 0 </td>        <td align="left"> blue_folder3.png </td>        <td align="left"> No </td>        <td align="left"> On </td>        <td align="left"> form3.png </td>        <td align="center"> 0 </td>    </tr>    <tr class="listTextAlt">
    <td align="center"> 38 </td>        <td align="right"> 74 </td>        <td align="left"> Edit document </td>        <td align="left"> modules/document/edit_document.php </td>        <td align="left"> Edit Document </td>        <td align="left">  </td>        <td align="right"> 1 </td>        <td align="left"> Default </td>        <td align="left"> 0 </td>        <td align="left"> blue_folder3.png </td>        <td align="left"> No </td>        <td align="left"> On </td>        <td align="left"> form3.png </td>        <td align="center"> 0 </td>    </tr>    <tr class="listText">
    <td align="center"> 39 </td>        <td align="right"> 75 </td>        <td align="left"> View document </td>        <td align="left"> modules/document/listview_document.php </td>        <td align="left"> Document </td>        <td align="left">  </td>        <td align="right"> 1 </td>        <td align="left"> Default </td>        <td align="left"> 0 </td>        <td align="left"> blue_folder3.png </td>        <td align="left"> Yes </td>        <td align="left"> On </td>        <td align="left"> form3.png </td>        <td align="center"> 0 </td>    </tr>    <tr class="listTextAlt">
    <td align="center"> 40 </td>        <td align="right"> 76 </td>        <td align="left"> Delete document </td>        <td align="left"> modules/document/delete_document.php </td>        <td align="left"> Delete Document </td>        <td align="left">  </td>        <td align="right"> 1 </td>        <td align="left"> Default </td>        <td align="left"> 0 </td>        <td align="left"> blue_folder3.png </td>        <td align="left"> No </td>        <td align="left"> On </td>        <td align="left"> form3.png </td>        <td align="center"> 0 </td>    </tr>    <tr class="listText">
    <td align="center"> 41 </td>        <td align="right"> 77 </td>        <td align="left"> Add health </td>        <td align="left"> modules/service/add_health.php </td>        <td align="left"> Add Health </td>        <td align="left">  </td>        <td align="right"> 1 </td>        <td align="left"> Default </td>        <td align="left"> 0 </td>        <td align="left"> blue_folder3.png </td>        <td align="left"> No </td>        <td align="left"> On </td>        <td align="left"> form3.png </td>        <td align="center"> 0 </td>    </tr>    <tr class="listTextAlt">
    <td align="center"> 42 </td>        <td align="right"> 78 </td>        <td align="left"> Edit health </td>        <td align="left"> modules/service/edit_health.php </td>        <td align="left"> Edit Health </td>        <td align="left">  </td>        <td align="right"> 1 </td>        <td align="left"> Default </td>        <td align="left"> 0 </td>        <td align="left"> blue_folder3.png </td>        <td align="left"> No </td>        <td align="left"> On </td>        <td align="left"> form3.png </td>        <td align="center"> 0 </td>    </tr>    <tr class="listText">
    <td align="center"> 43 </td>        <td align="right"> 79 </td>        <td align="left"> View health </td>        <td align="left"> modules/service/listview_health.php </td>        <td align="left"> Health </td>        <td align="left">  </td>        <td align="right"> 1 </td>        <td align="left"> Default </td>        <td align="left"> 0 </td>        <td align="left"> blue_folder3.png </td>        <td align="left"> Yes </td>        <td align="left"> On </td>        <td align="left"> form3.png </td>        <td align="center"> 0 </td>    </tr>    <tr class="listTextAlt">
    <td align="center"> 44 </td>        <td align="right"> 80 </td>        <td align="left"> Delete health </td>        <td align="left"> modules/service/delete_health.php </td>        <td align="left"> Delete Health </td>        <td align="left">  </td>        <td align="right"> 1 </td>        <td align="left"> Default </td>        <td align="left"> 0 </td>        <td align="left"> blue_folder3.png </td>        <td align="left"> No </td>        <td align="left"> On </td>        <td align="left"> form3.png </td>        <td align="center"> 0 </td>    </tr>    <tr class="listText">
    <td align="center"> 45 </td>        <td align="right"> 81 </td>        <td align="left"> Add notification </td>        <td align="left"> modules/notification/add_notification.php </td>        <td align="left"> Add Notification </td>        <td align="left">  </td>        <td align="right"> 1 </td>        <td align="left"> Default </td>        <td align="left"> 0 </td>        <td align="left"> blue_folder3.png </td>        <td align="left"> No </td>        <td align="left"> On </td>        <td align="left"> form3.png </td>        <td align="center"> 0 </td>    </tr>    <tr class="listTextAlt">
    <td align="center"> 46 </td>        <td align="right"> 82 </td>        <td align="left"> Edit notification </td>        <td align="left"> modules/notification/edit_notification.php </td>        <td align="left"> Edit Notification </td>        <td align="left">  </td>        <td align="right"> 1 </td>        <td align="left"> Default </td>        <td align="left"> 0 </td>        <td align="left"> blue_folder3.png </td>        <td align="left"> No </td>        <td align="left"> On </td>        <td align="left"> form3.png </td>        <td align="center"> 0 </td>    </tr>    <tr class="listText">
    <td align="center"> 47 </td>        <td align="right"> 83 </td>        <td align="left"> View notification </td>        <td align="left"> modules/notification/listview_notification.php </td>        <td align="left"> Notification </td>        <td align="left">  </td>        <td align="right"> 1 </td>        <td align="left"> Default </td>        <td align="left"> 0 </td>        <td align="left"> blue_folder3.png </td>        <td align="left"> Yes </td>        <td align="left"> On </td>        <td align="left"> form3.png </td>        <td align="center"> 0 </td>    </tr>    <tr class="listTextAlt">
    <td align="center"> 48 </td>        <td align="right"> 84 </td>        <td align="left"> Delete notification </td>        <td align="left"> modules/notification/delete_notification.php </td>        <td align="left"> Delete Notification </td>        <td align="left">  </td>        <td align="right"> 1 </td>        <td align="left"> Default </td>        <td align="left"> 0 </td>        <td align="left"> blue_folder3.png </td>        <td align="left"> No </td>        <td align="left"> On </td>        <td align="left"> form3.png </td>        <td align="center"> 0 </td>    </tr>    <tr class="listText">
    <td align="center"> 49 </td>        <td align="right"> 85 </td>        <td align="left"> Add official </td>        <td align="left"> modules/official/add_official.php </td>        <td align="left"> Add Official </td>        <td align="left">  </td>        <td align="right"> 1 </td>        <td align="left"> Default </td>        <td align="left"> 0 </td>        <td align="left"> blue_folder3.png </td>        <td align="left"> No </td>        <td align="left"> On </td>        <td align="left"> form3.png </td>        <td align="center"> 0 </td>    </tr>    <tr class="listTextAlt">
    <td align="center"> 50 </td>        <td align="right"> 86 </td>        <td align="left"> Edit official </td>        <td align="left"> modules/official/edit_official.php </td>        <td align="left"> Edit Official </td>        <td align="left">  </td>        <td align="right"> 1 </td>        <td align="left"> Default </td>        <td align="left"> 0 </td>        <td align="left"> blue_folder3.png </td>        <td align="left"> No </td>        <td align="left"> On </td>        <td align="left"> form3.png </td>        <td align="center"> 0 </td>    </tr>    <tr class="listText">
    <td align="center"> 51 </td>        <td align="right"> 87 </td>        <td align="left"> View official </td>        <td align="left"> modules/official/listview_official.php </td>        <td align="left"> Official </td>        <td align="left">  </td>        <td align="right"> 1 </td>        <td align="left"> Default </td>        <td align="left"> 0 </td>        <td align="left"> blue_folder3.png </td>        <td align="left"> Yes </td>        <td align="left"> On </td>        <td align="left"> form3.png </td>        <td align="center"> 0 </td>    </tr>    <tr class="listTextAlt">
    <td align="center"> 52 </td>        <td align="right"> 88 </td>        <td align="left"> Delete official </td>        <td align="left"> modules/official/delete_official.php </td>        <td align="left"> Delete Official </td>        <td align="left">  </td>        <td align="right"> 1 </td>        <td align="left"> Default </td>        <td align="left"> 0 </td>        <td align="left"> blue_folder3.png </td>        <td align="left"> No </td>        <td align="left"> On </td>        <td align="left"> form3.png </td>        <td align="center"> 0 </td>    </tr>    <tr class="listText">
    <td align="center"> 53 </td>        <td align="right"> 89 </td>        <td align="left"> Add province </td>        <td align="left"> modules/province/add_province.php </td>        <td align="left"> Add Province </td>        <td align="left">  </td>        <td align="right"> 1 </td>        <td align="left"> Default </td>        <td align="left"> 0 </td>        <td align="left"> blue_folder3.png </td>        <td align="left"> No </td>        <td align="left"> On </td>        <td align="left"> form3.png </td>        <td align="center"> 0 </td>    </tr>    <tr class="listTextAlt">
    <td align="center"> 54 </td>        <td align="right"> 90 </td>        <td align="left"> Edit province </td>        <td align="left"> modules/province/edit_province.php </td>        <td align="left"> Edit Province </td>        <td align="left">  </td>        <td align="right"> 1 </td>        <td align="left"> Default </td>        <td align="left"> 0 </td>        <td align="left"> blue_folder3.png </td>        <td align="left"> No </td>        <td align="left"> On </td>        <td align="left"> form3.png </td>        <td align="center"> 0 </td>    </tr>    <tr class="listText">
    <td align="center"> 55 </td>        <td align="right"> 91 </td>        <td align="left"> View province </td>        <td align="left"> modules/province/listview_province.php </td>        <td align="left"> Province </td>        <td align="left">  </td>        <td align="right"> 1 </td>        <td align="left"> Default </td>        <td align="left"> 0 </td>        <td align="left"> blue_folder3.png </td>        <td align="left"> Yes </td>        <td align="left"> On </td>        <td align="left"> form3.png </td>        <td align="center"> 0 </td>    </tr>    <tr class="listTextAlt">
    <td align="center"> 56 </td>        <td align="right"> 92 </td>        <td align="left"> Delete province </td>        <td align="left"> modules/province/delete_province.php </td>        <td align="left"> Delete Province </td>        <td align="left">  </td>        <td align="right"> 1 </td>        <td align="left"> Default </td>        <td align="left"> 0 </td>        <td align="left"> blue_folder3.png </td>        <td align="left"> No </td>        <td align="left"> On </td>        <td align="left"> form3.png </td>        <td align="center"> 0 </td>    </tr>    <tr class="listText">
    <td align="center"> 57 </td>        <td align="right"> 93 </td>        <td align="left"> Add region </td>        <td align="left"> modules/region/add_region.php </td>        <td align="left"> Add Region </td>        <td align="left">  </td>        <td align="right"> 1 </td>        <td align="left"> Default </td>        <td align="left"> 0 </td>        <td align="left"> blue_folder3.png </td>        <td align="left"> No </td>        <td align="left"> On </td>        <td align="left"> form3.png </td>        <td align="center"> 0 </td>    </tr>    <tr class="listTextAlt">
    <td align="center"> 58 </td>        <td align="right"> 94 </td>        <td align="left"> Edit region </td>        <td align="left"> modules/region/edit_region.php </td>        <td align="left"> Edit Region </td>        <td align="left">  </td>        <td align="right"> 1 </td>        <td align="left"> Default </td>        <td align="left"> 0 </td>        <td align="left"> blue_folder3.png </td>        <td align="left"> No </td>        <td align="left"> On </td>        <td align="left"> form3.png </td>        <td align="center"> 0 </td>    </tr>    <tr class="listText">
    <td align="center"> 59 </td>        <td align="right"> 95 </td>        <td align="left"> View region </td>        <td align="left"> modules/region/listview_region.php </td>        <td align="left"> Region </td>        <td align="left">  </td>        <td align="right"> 1 </td>        <td align="left"> Default </td>        <td align="left"> 0 </td>        <td align="left"> blue_folder3.png </td>        <td align="left"> Yes </td>        <td align="left"> On </td>        <td align="left"> form3.png </td>        <td align="center"> 0 </td>    </tr>    <tr class="listTextAlt">
    <td align="center"> 60 </td>        <td align="right"> 96 </td>        <td align="left"> Delete region </td>        <td align="left"> modules/region/delete_region.php </td>        <td align="left"> Delete Region </td>        <td align="left">  </td>        <td align="right"> 1 </td>        <td align="left"> Default </td>        <td align="left"> 0 </td>        <td align="left"> blue_folder3.png </td>        <td align="left"> No </td>        <td align="left"> On </td>        <td align="left"> form3.png </td>        <td align="center"> 0 </td>    </tr>    <tr class="listText">
    <td align="center"> 61 </td>        <td align="right"> 97 </td>        <td align="left"> Add request </td>        <td align="left"> modules/request/add_request.php </td>        <td align="left"> Add Request </td>        <td align="left">  </td>        <td align="right"> 1 </td>        <td align="left"> Default </td>        <td align="left"> 0 </td>        <td align="left"> blue_folder3.png </td>        <td align="left"> No </td>        <td align="left"> On </td>        <td align="left"> form3.png </td>        <td align="center"> 0 </td>    </tr>    <tr class="listTextAlt">
    <td align="center"> 62 </td>        <td align="right"> 98 </td>        <td align="left"> Edit request </td>        <td align="left"> modules/request/edit_request.php </td>        <td align="left"> Edit Request </td>        <td align="left">  </td>        <td align="right"> 1 </td>        <td align="left"> Default </td>        <td align="left"> 0 </td>        <td align="left"> blue_folder3.png </td>        <td align="left"> No </td>        <td align="left"> On </td>        <td align="left"> form3.png </td>        <td align="center"> 0 </td>    </tr>    <tr class="listText">
    <td align="center"> 63 </td>        <td align="right"> 99 </td>        <td align="left"> View request </td>        <td align="left"> modules/request/listview_request.php </td>        <td align="left"> Request </td>        <td align="left">  </td>        <td align="right"> 1 </td>        <td align="left"> Default </td>        <td align="left"> 0 </td>        <td align="left"> blue_folder3.png </td>        <td align="left"> Yes </td>        <td align="left"> On </td>        <td align="left"> form3.png </td>        <td align="center"> 0 </td>    </tr>    <tr class="listTextAlt">
    <td align="center"> 64 </td>        <td align="right"> 100 </td>        <td align="left"> Delete request </td>        <td align="left"> modules/request/delete_request.php </td>        <td align="left"> Delete Request </td>        <td align="left">  </td>        <td align="right"> 1 </td>        <td align="left"> Default </td>        <td align="left"> 0 </td>        <td align="left"> blue_folder3.png </td>        <td align="left"> No </td>        <td align="left"> On </td>        <td align="left"> form3.png </td>        <td align="center"> 0 </td>    </tr>    <tr class="listText">
    <td align="center"> 65 </td>        <td align="right"> 101 </td>        <td align="left"> Add requirement </td>        <td align="left"> modules/request/add_requirement.php </td>        <td align="left"> Add Requirement </td>        <td align="left">  </td>        <td align="right"> 1 </td>        <td align="left"> Default </td>        <td align="left"> 0 </td>        <td align="left"> blue_folder3.png </td>        <td align="left"> No </td>        <td align="left"> On </td>        <td align="left"> form3.png </td>        <td align="center"> 0 </td>    </tr>    <tr class="listTextAlt">
    <td align="center"> 66 </td>        <td align="right"> 102 </td>        <td align="left"> Edit requirement </td>        <td align="left"> modules/request/edit_requirement.php </td>        <td align="left"> Edit Requirement </td>        <td align="left">  </td>        <td align="right"> 1 </td>        <td align="left"> Default </td>        <td align="left"> 0 </td>        <td align="left"> blue_folder3.png </td>        <td align="left"> No </td>        <td align="left"> On </td>        <td align="left"> form3.png </td>        <td align="center"> 0 </td>    </tr>    <tr class="listText">
    <td align="center"> 67 </td>        <td align="right"> 103 </td>        <td align="left"> View requirement </td>        <td align="left"> modules/request/listview_requirement.php </td>        <td align="left"> Requirement </td>        <td align="left">  </td>        <td align="right"> 1 </td>        <td align="left"> Default </td>        <td align="left"> 0 </td>        <td align="left"> blue_folder3.png </td>        <td align="left"> Yes </td>        <td align="left"> On </td>        <td align="left"> form3.png </td>        <td align="center"> 0 </td>    </tr>    <tr class="listTextAlt">
    <td align="center"> 68 </td>        <td align="right"> 104 </td>        <td align="left"> Delete requirement </td>        <td align="left"> modules/request/delete_requirement.php </td>        <td align="left"> Delete Requirement </td>        <td align="left">  </td>        <td align="right"> 1 </td>        <td align="left"> Default </td>        <td align="left"> 0 </td>        <td align="left"> blue_folder3.png </td>        <td align="left"> No </td>        <td align="left"> On </td>        <td align="left"> form3.png </td>        <td align="center"> 0 </td>    </tr>    <tr class="listText">
    <td align="center"> 69 </td>        <td align="right"> 105 </td>        <td align="left"> Add sub doc </td>        <td align="left"> modules/request/add_sub_doc.php </td>        <td align="left"> Add Sub Doc </td>        <td align="left">  </td>        <td align="right"> 1 </td>        <td align="left"> Default </td>        <td align="left"> 0 </td>        <td align="left"> blue_folder3.png </td>        <td align="left"> No </td>        <td align="left"> On </td>        <td align="left"> form3.png </td>        <td align="center"> 0 </td>    </tr>    <tr class="listTextAlt">
    <td align="center"> 70 </td>        <td align="right"> 106 </td>        <td align="left"> Edit sub doc </td>        <td align="left"> modules/request/edit_sub_doc.php </td>        <td align="left"> Edit Sub Doc </td>        <td align="left">  </td>        <td align="right"> 1 </td>        <td align="left"> Default </td>        <td align="left"> 0 </td>        <td align="left"> blue_folder3.png </td>        <td align="left"> No </td>        <td align="left"> On </td>        <td align="left"> form3.png </td>        <td align="center"> 0 </td>    </tr>    <tr class="listText">
    <td align="center"> 71 </td>        <td align="right"> 107 </td>        <td align="left"> View sub doc </td>        <td align="left"> modules/request/listview_sub_doc.php </td>        <td align="left"> Sub Doc </td>        <td align="left">  </td>        <td align="right"> 1 </td>        <td align="left"> Default </td>        <td align="left"> 0 </td>        <td align="left"> blue_folder3.png </td>        <td align="left"> Yes </td>        <td align="left"> On </td>        <td align="left"> form3.png </td>        <td align="center"> 0 </td>    </tr>    <tr class="listTextAlt">
    <td align="center"> 72 </td>        <td align="right"> 108 </td>        <td align="left"> Delete sub doc </td>        <td align="left"> modules/request/delete_sub_doc.php </td>        <td align="left"> Delete Sub Doc </td>        <td align="left">  </td>        <td align="right"> 1 </td>        <td align="left"> Default </td>        <td align="left"> 0 </td>        <td align="left"> blue_folder3.png </td>        <td align="left"> No </td>        <td align="left"> On </td>        <td align="left"> form3.png </td>        <td align="center"> 0 </td>    </tr>    <tr class="listText">
    <td align="center"> 73 </td>        <td align="right"> 109 </td>        <td align="left"> Add validate </td>        <td align="left"> modules/citizen/add_validate.php </td>        <td align="left"> Add Validate </td>        <td align="left">  </td>        <td align="right"> 1 </td>        <td align="left"> Default </td>        <td align="left"> 0 </td>        <td align="left"> blue_folder3.png </td>        <td align="left"> No </td>        <td align="left"> On </td>        <td align="left"> form3.png </td>        <td align="center"> 0 </td>    </tr>    <tr class="listTextAlt">
    <td align="center"> 74 </td>        <td align="right"> 110 </td>        <td align="left"> Edit validate </td>        <td align="left"> modules/citizen/edit_validate.php </td>        <td align="left"> Edit Validate </td>        <td align="left">  </td>        <td align="right"> 1 </td>        <td align="left"> Default </td>        <td align="left"> 0 </td>        <td align="left"> blue_folder3.png </td>        <td align="left"> No </td>        <td align="left"> On </td>        <td align="left"> form3.png </td>        <td align="center"> 0 </td>    </tr>    <tr class="listText">
    <td align="center"> 75 </td>        <td align="right"> 111 </td>        <td align="left"> View validate </td>        <td align="left"> modules/citizen/listview_validate.php </td>        <td align="left"> Validate </td>        <td align="left">  </td>        <td align="right"> 1 </td>        <td align="left"> Default </td>        <td align="left"> 0 </td>        <td align="left"> blue_folder3.png </td>        <td align="left"> Yes </td>        <td align="left"> On </td>        <td align="left"> form3.png </td>        <td align="center"> 0 </td>    </tr>    <tr class="listTextAlt">
    <td align="center"> 76 </td>        <td align="right"> 112 </td>        <td align="left"> Delete validate </td>        <td align="left"> modules/citizen/delete_validate.php </td>        <td align="left"> Delete Validate </td>        <td align="left">  </td>        <td align="right"> 1 </td>        <td align="left"> Default </td>        <td align="left"> 0 </td>        <td align="left"> blue_folder3.png </td>        <td align="left"> No </td>        <td align="left"> On </td>        <td align="left"> form3.png </td>        <td align="center"> 0 </td>    </tr>    <tr class="listText">
    <td align="center"> 77 </td>        <td align="right"> 113 </td>        <td align="left"> Add zone </td>        <td align="left"> modules/zone/add_zone.php </td>        <td align="left"> Add Zone </td>        <td align="left">  </td>        <td align="right"> 1 </td>        <td align="left"> Default </td>        <td align="left"> 0 </td>        <td align="left"> blue_folder3.png </td>        <td align="left"> No </td>        <td align="left"> On </td>        <td align="left"> form3.png </td>        <td align="center"> 0 </td>    </tr>    <tr class="listTextAlt">
    <td align="center"> 78 </td>        <td align="right"> 114 </td>        <td align="left"> Edit zone </td>        <td align="left"> modules/zone/edit_zone.php </td>        <td align="left"> Edit Zone </td>        <td align="left">  </td>        <td align="right"> 1 </td>        <td align="left"> Default </td>        <td align="left"> 0 </td>        <td align="left"> blue_folder3.png </td>        <td align="left"> No </td>        <td align="left"> On </td>        <td align="left"> form3.png </td>        <td align="center"> 0 </td>    </tr>    <tr class="listText">
    <td align="center"> 79 </td>        <td align="right"> 115 </td>        <td align="left"> View zone </td>        <td align="left"> modules/zone/listview_zone.php </td>        <td align="left"> Zone </td>        <td align="left">  </td>        <td align="right"> 1 </td>        <td align="left"> Default </td>        <td align="left"> 0 </td>        <td align="left"> blue_folder3.png </td>        <td align="left"> Yes </td>        <td align="left"> On </td>        <td align="left"> form3.png </td>        <td align="center"> 0 </td>    </tr>    <tr class="listTextAlt">
    <td align="center"> 80 </td>        <td align="right"> 116 </td>        <td align="left"> Delete zone </td>        <td align="left"> modules/zone/delete_zone.php </td>        <td align="left"> Delete Zone </td>        <td align="left">  </td>        <td align="right"> 1 </td>        <td align="left"> Default </td>        <td align="left"> 0 </td>        <td align="left"> blue_folder3.png </td>        <td align="left"> No </td>        <td align="left"> On </td>        <td align="left"> form3.png </td>        <td align="center"> 0 </td>    </tr>    <tr class="listText">
    <td align="center"> 81 </td>        <td align="right"> 117 </td>        <td align="left"> Add skill set </td>        <td align="left"> modules/citizen/add_skill_set </td>        <td align="left"> Add Skill </td>        <td align="left">  </td>        <td align="right"> 1 </td>        <td align="left"> Default </td>        <td align="left"> 0 </td>        <td align="left"> blue_folder3.png </td>        <td align="left"> No </td>        <td align="left"> On </td>        <td align="left"> form3.png </td>        <td align="center"> 0 </td>    </tr>    <tr class="listTextAlt">
    <td align="center"> 82 </td>        <td align="right"> 118 </td>        <td align="left"> Edit skill set </td>        <td align="left"> modules/citizen/edit_skill_set.php </td>        <td align="left"> Edit Skill </td>        <td align="left">  </td>        <td align="right"> 1 </td>        <td align="left"> Default </td>        <td align="left"> 0 </td>        <td align="left"> blue_folder3.png </td>        <td align="left"> No </td>        <td align="left"> On </td>        <td align="left"> form3.png </td>        <td align="center"> 0 </td>    </tr>    <tr class="listText">
    <td align="center"> 83 </td>        <td align="right"> 119 </td>        <td align="left"> View skill set </td>        <td align="left"> modules/citizen/listview_skill_set.php </td>        <td align="left"> Skill </td>        <td align="left">  </td>        <td align="right"> 1 </td>        <td align="left"> Default </td>        <td align="left"> 0 </td>        <td align="left"> blue_folder3.png </td>        <td align="left"> Yes </td>        <td align="left"> On </td>        <td align="left"> form3.png </td>        <td align="center"> 0 </td>    </tr>    <tr class="listTextAlt">
    <td align="center"> 84 </td>        <td align="right"> 120 </td>        <td align="left"> Delete skill set </td>        <td align="left"> modules/citizen/delete_skill_set.php </td>        <td align="left"> Delete Skill </td>        <td align="left">  </td>        <td align="right"> 1 </td>        <td align="left"> Default </td>        <td align="left"> 0 </td>        <td align="left"> blue_folder3.png </td>        <td align="left"> No </td>        <td align="left"> On </td>        <td align="left"> form3.png </td>        <td align="center"> 0 </td>    </tr>    <tr class="listText">
    <td align="center"> 85 </td>        <td align="right"> 121 </td>        <td align="left"> Add Nationality </td>        <td align="left"> modules/citizen/add_nationality.php </td>        <td align="left"> Add Nationality </td>        <td align="left">  </td>        <td align="right"> 1 </td>        <td align="left"> Default </td>        <td align="left"> 0 </td>        <td align="left"> blue_folder3.png </td>        <td align="left"> No </td>        <td align="left"> On </td>        <td align="left"> form3.png </td>        <td align="center"> 0 </td>    </tr>    <tr class="listTextAlt">
    <td align="center"> 86 </td>        <td align="right"> 122 </td>        <td align="left"> Edit Nationality </td>        <td align="left"> modules/citizen/edit_nationality.php </td>        <td align="left"> Edit Nationality </td>        <td align="left">  </td>        <td align="right"> 1 </td>        <td align="left"> Default </td>        <td align="left"> 0 </td>        <td align="left"> blue_folder3.png </td>        <td align="left"> No </td>        <td align="left"> On </td>        <td align="left"> form3.png </td>        <td align="center"> 0 </td>    </tr>    <tr class="listText">
    <td align="center"> 87 </td>        <td align="right"> 123 </td>        <td align="left"> Delete Nationality </td>        <td align="left"> modules/citizen/delete_nationality.php </td>        <td align="left"> Delete Nationality </td>        <td align="left">  </td>        <td align="right"> 1 </td>        <td align="left"> Default </td>        <td align="left"> 0 </td>        <td align="left"> blue_folder3.png </td>        <td align="left"> No </td>        <td align="left"> On </td>        <td align="left"> form3.png </td>        <td align="center"> 0 </td>    </tr>    <tr class="listTextAlt">
    <td align="center"> 88 </td>        <td align="right"> 1 </td>        <td align="left"> Module Control </td>        <td align="left"> sysadmin/module_control.php </td>        <td align="left"> Module Control </td>        <td align="left"> Enable or disable system modules </td>        <td align="right"> 2 </td>        <td align="left"> Admin </td>        <td align="left"> 0 </td>        <td align="left"> preferences-system.png </td>        <td align="left"> Yes </td>        <td align="left"> On </td>        <td align="left"> modulecontrol.png </td>        <td align="center"> 0 </td>    </tr>    <tr class="listText">
    <td align="center"> 89 </td>        <td align="right"> 2 </td>        <td align="left"> Set User Passports </td>        <td align="left"> sysadmin/set_user_passports.php </td>        <td align="left"> Set User Passports </td>        <td align="left"> Change the passport settings of system users </td>        <td align="right"> 2 </td>        <td align="left"> Admin </td>        <td align="left"> 0 </td>        <td align="left"> preferences-system.png </td>        <td align="left"> Yes </td>        <td align="left"> On </td>        <td align="left"> passport.png </td>        <td align="center"> 0 </td>    </tr>    <tr class="listTextAlt">
    <td align="center"> 90 </td>        <td align="right"> 3 </td>        <td align="left"> Security Monitor </td>        <td align="left"> sysadmin/security_monitor.php </td>        <td align="left"> Security Monitor </td>        <td align="left"> Examine the system log </td>        <td align="right"> 2 </td>        <td align="left"> Admin </td>        <td align="left"> 0 </td>        <td align="left"> preferences-system.png </td>        <td align="left"> Yes </td>        <td align="left"> On </td>        <td align="left"> security3.png </td>        <td align="center"> 0 </td>    </tr>    <tr class="listText">
    <td align="center"> 91 </td>        <td align="right"> 4 </td>        <td align="left"> Add person </td>        <td align="left"> sysadmin/add_person.php </td>        <td align="left"> Add Person </td>        <td align="left">  </td>        <td align="right"> 2 </td>        <td align="left"> Admin </td>        <td align="left"> 0 </td>        <td align="left"> preferences-system.png </td>        <td align="left"> No </td>        <td align="left"> On </td>        <td align="left"> form.png </td>        <td align="center"> 0 </td>    </tr>    <tr class="listTextAlt">
    <td align="center"> 92 </td>        <td align="right"> 5 </td>        <td align="left"> Edit person </td>        <td align="left"> sysadmin/edit_person.php </td>        <td align="left"> Edit Person </td>        <td align="left">  </td>        <td align="right"> 2 </td>        <td align="left"> Admin </td>        <td align="left"> 0 </td>        <td align="left"> preferences-system.png </td>        <td align="left"> No </td>        <td align="left"> On </td>        <td align="left"> form.png </td>        <td align="center"> 0 </td>    </tr>    <tr class="listText">
    <td align="center"> 93 </td>        <td align="right"> 6 </td>        <td align="left"> View person </td>        <td align="left"> sysadmin/listview_person.php </td>        <td align="left"> Person </td>        <td align="left">  </td>        <td align="right"> 2 </td>        <td align="left"> Admin </td>        <td align="left"> 0 </td>        <td align="left"> preferences-system.png </td>        <td align="left"> Yes </td>        <td align="left"> On </td>        <td align="left"> persons.png </td>        <td align="center"> 0 </td>    </tr>    <tr class="listTextAlt">
    <td align="center"> 94 </td>        <td align="right"> 7 </td>        <td align="left"> Delete person </td>        <td align="left"> sysadmin/delete_person.php </td>        <td align="left"> Delete Person </td>        <td align="left">  </td>        <td align="right"> 2 </td>        <td align="left"> Admin </td>        <td align="left"> 0 </td>        <td align="left"> preferences-system.png </td>        <td align="left"> No </td>        <td align="left"> On </td>        <td align="left"> form.png </td>        <td align="center"> 0 </td>    </tr>    <tr class="listText">
    <td align="center"> 95 </td>        <td align="right"> 8 </td>        <td align="left"> Add user </td>        <td align="left"> sysadmin/add_user.php </td>        <td align="left"> Add User </td>        <td align="left">  </td>        <td align="right"> 2 </td>        <td align="left"> Admin </td>        <td align="left"> 0 </td>        <td align="left"> preferences-system.png </td>        <td align="left"> No </td>        <td align="left"> On </td>        <td align="left"> form.png </td>        <td align="center"> 0 </td>    </tr>    <tr class="listTextAlt">
    <td align="center"> 96 </td>        <td align="right"> 9 </td>        <td align="left"> Edit user </td>        <td align="left"> sysadmin/edit_user.php </td>        <td align="left"> Edit User </td>        <td align="left">  </td>        <td align="right"> 2 </td>        <td align="left"> Admin </td>        <td align="left"> 0 </td>        <td align="left"> preferences-system.png </td>        <td align="left"> No </td>        <td align="left"> On </td>        <td align="left"> form.png </td>        <td align="center"> 0 </td>    </tr>    <tr class="listText">
    <td align="center"> 97 </td>        <td align="right"> 10 </td>        <td align="left"> View user </td>        <td align="left"> sysadmin/listview_user.php </td>        <td align="left"> User </td>        <td align="left">  </td>        <td align="right"> 2 </td>        <td align="left"> Admin </td>        <td align="left"> 0 </td>        <td align="left"> preferences-system.png </td>        <td align="left"> Yes </td>        <td align="left"> On </td>        <td align="left"> card.png </td>        <td align="center"> 0 </td>    </tr>    <tr class="listTextAlt">
    <td align="center"> 98 </td>        <td align="right"> 11 </td>        <td align="left"> Delete user </td>        <td align="left"> sysadmin/delete_user.php </td>        <td align="left"> Delete User </td>        <td align="left">  </td>        <td align="right"> 2 </td>        <td align="left"> Admin </td>        <td align="left"> 0 </td>        <td align="left"> preferences-system.png </td>        <td align="left"> No </td>        <td align="left"> On </td>        <td align="left"> form.png </td>        <td align="center"> 0 </td>    </tr>    <tr class="listText">
    <td align="center"> 99 </td>        <td align="right"> 12 </td>        <td align="left"> Add user role </td>        <td align="left"> sysadmin/add_user_role.php </td>        <td align="left"> Add User Role </td>        <td align="left">  </td>        <td align="right"> 2 </td>        <td align="left"> Admin </td>        <td align="left"> 0 </td>        <td align="left"> preferences-system.png </td>        <td align="left"> No </td>        <td align="left"> On </td>        <td align="left"> form.png </td>        <td align="center"> 0 </td>    </tr>    <tr class="listTextAlt">
    <td align="center"> 100 </td>        <td align="right"> 13 </td>        <td align="left"> Edit user role </td>        <td align="left"> sysadmin/edit_user_role.php </td>        <td align="left"> Edit User Role </td>        <td align="left">  </td>        <td align="right"> 2 </td>        <td align="left"> Admin </td>        <td align="left"> 0 </td>        <td align="left"> preferences-system.png </td>        <td align="left"> No </td>        <td align="left"> On </td>        <td align="left"> form.png </td>        <td align="center"> 0 </td>    </tr>    <tr class="listText">
    <td align="center"> 101 </td>        <td align="right"> 14 </td>        <td align="left"> View user role </td>        <td align="left"> sysadmin/listview_user_role.php </td>        <td align="left"> User Roles </td>        <td align="left">  </td>        <td align="right"> 2 </td>        <td align="left"> Admin </td>        <td align="left"> 0 </td>        <td align="left"> preferences-system.png </td>        <td align="left"> Yes </td>        <td align="left"> On </td>        <td align="left"> roles.png </td>        <td align="center"> 0 </td>    </tr>    <tr class="listTextAlt">
    <td align="center"> 102 </td>        <td align="right"> 15 </td>        <td align="left"> Delete user role </td>        <td align="left"> sysadmin/delete_user_role.php </td>        <td align="left"> Delete User Role </td>        <td align="left">  </td>        <td align="right"> 2 </td>        <td align="left"> Admin </td>        <td align="left"> 0 </td>        <td align="left"> preferences-system.png </td>        <td align="left"> No </td>        <td align="left"> On </td>        <td align="left"> form.png </td>        <td align="center"> 0 </td>    </tr>    <tr class="listText">
    <td align="center"> 103 </td>        <td align="right"> 16 </td>        <td align="left"> Add system settings </td>        <td align="left"> sysadmin/add_system_settings.php </td>        <td align="left"> Add System Settings </td>        <td align="left">  </td>        <td align="right"> 2 </td>        <td align="left"> Admin </td>        <td align="left"> 0 </td>        <td align="left"> preferences-system.png </td>        <td align="left"> No </td>        <td align="left"> On </td>        <td align="left"> form.png </td>        <td align="center"> 0 </td>    </tr>    <tr class="listTextAlt">
    <td align="center"> 104 </td>        <td align="right"> 17 </td>        <td align="left"> Edit system settings </td>        <td align="left"> sysadmin/edit_system_settings.php </td>        <td align="left"> Edit System Settings </td>        <td align="left">  </td>        <td align="right"> 2 </td>        <td align="left"> Admin </td>        <td align="left"> 0 </td>        <td align="left"> preferences-system.png </td>        <td align="left"> No </td>        <td align="left"> On </td>        <td align="left"> form.png </td>        <td align="center"> 0 </td>    </tr>    <tr class="listText">
    <td align="center"> 105 </td>        <td align="right"> 18 </td>        <td align="left"> View system settings </td>        <td align="left"> sysadmin/listview_system_settings.php </td>        <td align="left"> System Settings </td>        <td align="left">  </td>        <td align="right"> 2 </td>        <td align="left"> Admin </td>        <td align="left"> 0 </td>        <td align="left"> preferences-system.png </td>        <td align="left"> Yes </td>        <td align="left"> On </td>        <td align="left"> system_settings.png </td>        <td align="center"> 0 </td>    </tr>    <tr class="listTextAlt">
    <td align="center"> 106 </td>        <td align="right"> 19 </td>        <td align="left"> Delete system settings </td>        <td align="left"> sysadmin/delete_system_settings.php </td>        <td align="left"> Delete System Settings </td>        <td align="left">  </td>        <td align="right"> 2 </td>        <td align="left"> Admin </td>        <td align="left"> 0 </td>        <td align="left"> preferences-system.png </td>        <td align="left"> No </td>        <td align="left"> On </td>        <td align="left"> form.png </td>        <td align="center"> 0 </td>    </tr>    <tr class="listText">
    <td align="center"> 107 </td>        <td align="right"> 20 </td>        <td align="left"> Add user links </td>        <td align="left"> sysadmin/add_user_links.php </td>        <td align="left"> Add User Links </td>        <td align="left">  </td>        <td align="right"> 2 </td>        <td align="left"> Admin </td>        <td align="left"> 0 </td>        <td align="left"> preferences-system.png </td>        <td align="left"> No </td>        <td align="left"> On </td>        <td align="left"> form.png </td>        <td align="center"> 0 </td>    </tr>    <tr class="listTextAlt">
    <td align="center"> 108 </td>        <td align="right"> 21 </td>        <td align="left"> Edit user links </td>        <td align="left"> sysadmin/edit_user_links.php </td>        <td align="left"> Edit User Links </td>        <td align="left">  </td>        <td align="right"> 2 </td>        <td align="left"> Admin </td>        <td align="left"> 0 </td>        <td align="left"> preferences-system.png </td>        <td align="left"> No </td>        <td align="left"> On </td>        <td align="left"> form.png </td>        <td align="center"> 0 </td>    </tr>    <tr class="listText">
    <td align="center"> 109 </td>        <td align="right"> 22 </td>        <td align="left"> View user links </td>        <td align="left"> sysadmin/listview_user_links.php </td>        <td align="left"> User Links </td>        <td align="left">  </td>        <td align="right"> 2 </td>        <td align="left"> Admin </td>        <td align="left"> 0 </td>        <td align="left"> preferences-system.png </td>        <td align="left"> Yes </td>        <td align="left"> On </td>        <td align="left"> links.png </td>        <td align="center"> 0 </td>    </tr>    <tr class="listTextAlt">
    <td align="center"> 110 </td>        <td align="right"> 23 </td>        <td align="left"> Delete user links </td>        <td align="left"> sysadmin/delete_user_links.php </td>        <td align="left"> Delete User Links </td>        <td align="left">  </td>        <td align="right"> 2 </td>        <td align="left"> Admin </td>        <td align="left"> 0 </td>        <td align="left"> preferences-system.png </td>        <td align="left"> No </td>        <td align="left"> On </td>        <td align="left"> form.png </td>        <td align="center"> 0 </td>    </tr>    <tr class="listText">
    <td align="center"> 111 </td>        <td align="right"> 24 </td>        <td align="left"> Add user passport groups </td>        <td align="left"> sysadmin/add_user_passport_groups.php </td>        <td align="left"> Add User Passport Groups </td>        <td align="left">  </td>        <td align="right"> 2 </td>        <td align="left"> Admin </td>        <td align="left"> 0 </td>        <td align="left"> preferences-system.png </td>        <td align="left"> No </td>        <td align="left"> On </td>        <td align="left"> form.png </td>        <td align="center"> 0 </td>    </tr>    <tr class="listTextAlt">
    <td align="center"> 112 </td>        <td align="right"> 25 </td>        <td align="left"> Edit user passport groups </td>        <td align="left"> sysadmin/edit_user_passport_groups.php </td>        <td align="left"> Edit User Passport Groups </td>        <td align="left">  </td>        <td align="right"> 2 </td>        <td align="left"> Admin </td>        <td align="left"> 0 </td>        <td align="left"> preferences-system.png </td>        <td align="left"> No </td>        <td align="left"> On </td>        <td align="left"> form.png </td>        <td align="center"> 0 </td>    </tr>    <tr class="listText">
    <td align="center"> 113 </td>        <td align="right"> 26 </td>        <td align="left"> View user passport groups </td>        <td align="left"> sysadmin/listview_user_passport_groups.php </td>        <td align="left"> User Passport Groups </td>        <td align="left">  </td>        <td align="right"> 2 </td>        <td align="left"> Admin </td>        <td align="left"> 0 </td>        <td align="left"> preferences-system.png </td>        <td align="left"> Yes </td>        <td align="left"> On </td>        <td align="left"> passportgroup.png </td>        <td align="center"> 0 </td>    </tr>    <tr class="listTextAlt">
    <td align="center"> 114 </td>        <td align="right"> 27 </td>        <td align="left"> Delete user passport groups </td>        <td align="left"> sysadmin/delete_user_passport_groups.php </td>        <td align="left"> Delete User Passport Groups </td>        <td align="left">  </td>        <td align="right"> 2 </td>        <td align="left"> Admin </td>        <td align="left"> 0 </td>        <td align="left"> preferences-system.png </td>        <td align="left"> No </td>        <td align="left"> On </td>        <td align="left"> form.png </td>        <td align="center"> 0 </td>    </tr>    <tr class="listText">
    <td align="center"> 115 </td>        <td align="right"> 28 </td>        <td align="left"> Add system skins </td>        <td align="left"> sysadmin/add_system_skins.php </td>        <td align="left"> Add System Skins </td>        <td align="left">  </td>        <td align="right"> 2 </td>        <td align="left"> Admin </td>        <td align="left"> 0 </td>        <td align="left"> preferences-system.png </td>        <td align="left"> No </td>        <td align="left"> On </td>        <td align="left"> form.png </td>        <td align="center"> 0 </td>    </tr>    <tr class="listTextAlt">
    <td align="center"> 116 </td>        <td align="right"> 29 </td>        <td align="left"> Edit system skins </td>        <td align="left"> sysadmin/edit_system_skins.php </td>        <td align="left"> Edit System Skins </td>        <td align="left">  </td>        <td align="right"> 2 </td>        <td align="left"> Admin </td>        <td align="left"> 0 </td>        <td align="left"> preferences-system.png </td>        <td align="left"> No </td>        <td align="left"> On </td>        <td align="left"> form.png </td>        <td align="center"> 0 </td>    </tr>    <tr class="listText">
    <td align="center"> 117 </td>        <td align="right"> 30 </td>        <td align="left"> View system skins </td>        <td align="left"> sysadmin/listview_system_skins.php </td>        <td align="left"> System Skins </td>        <td align="left">  </td>        <td align="right"> 2 </td>        <td align="left"> Admin </td>        <td align="left"> 0 </td>        <td align="left"> preferences-system.png </td>        <td align="left"> Yes </td>        <td align="left"> On </td>        <td align="left"> system_skins.png </td>        <td align="center"> 0 </td>    </tr>    <tr class="listTextAlt">
    <td align="center"> 118 </td>        <td align="right"> 31 </td>        <td align="left"> Delete system skins </td>        <td align="left"> sysadmin/delete_system_skins.php </td>        <td align="left"> Delete System Skins </td>        <td align="left">  </td>        <td align="right"> 2 </td>        <td align="left"> Admin </td>        <td align="left"> 0 </td>        <td align="left"> preferences-system.png </td>        <td align="left"> No </td>        <td align="left"> On </td>        <td align="left"> form.png </td>        <td align="center"> 0 </td>    </tr>    <tr class="listText">
    <td align="center"> 119 </td>        <td align="right"> 32 </td>        <td align="left"> Reset Password </td>        <td align="left"> sysadmin/reset_password.php </td>        <td align="left"> Reset Password </td>        <td align="left">  </td>        <td align="right"> 2 </td>        <td align="left"> Admin </td>        <td align="left"> 0 </td>        <td align="left"> preferences-system.png </td>        <td align="left"> Yes </td>        <td align="left"> On </td>        <td align="left"> lock_big.png </td>        <td align="center"> 0 </td>    </tr>    <tr class="listTextAlt">
    <td align="center"> 120 </td>        <td align="right"> 33 </td>        <td align="left"> Add cobalt sst </td>        <td align="left"> sst/add_cobalt_sst.php </td>        <td align="left"> Add Cobalt SST </td>        <td align="left">  </td>        <td align="right"> 2 </td>        <td align="left"> Admin </td>        <td align="left"> 0 </td>        <td align="left"> preferences-system.png </td>        <td align="left"> No </td>        <td align="left"> On </td>        <td align="left"> form3.png </td>        <td align="center"> 0 </td>    </tr>    <tr class="listText">
    <td align="center"> 121 </td>        <td align="right"> 34 </td>        <td align="left"> Edit cobalt sst </td>        <td align="left"> sst/edit_cobalt_sst.php </td>        <td align="left"> Edit Cobalt SST </td>        <td align="left">  </td>        <td align="right"> 2 </td>        <td align="left"> Admin </td>        <td align="left"> 0 </td>        <td align="left"> preferences-system.png </td>        <td align="left"> No </td>        <td align="left"> On </td>        <td align="left"> form3.png </td>        <td align="center"> 0 </td>    </tr>    <tr class="listTextAlt">
    <td align="center"> 122 </td>        <td align="right"> 35 </td>        <td align="left"> View cobalt sst </td>        <td align="left"> sst/listview_cobalt_sst.php </td>        <td align="left"> Cobalt SST </td>        <td align="left">  </td>        <td align="right"> 2 </td>        <td align="left"> Admin </td>        <td align="left"> 0 </td>        <td align="left"> preferences-system.png </td>        <td align="left"> Yes </td>        <td align="left"> On </td>        <td align="left"> form3.png </td>        <td align="center"> 0 </td>    </tr>    <tr class="listText">
    <td align="center"> 123 </td>        <td align="right"> 36 </td>        <td align="left"> Delete cobalt sst </td>        <td align="left"> sst/delete_cobalt_sst.php </td>        <td align="left"> Delete Cobalt SST </td>        <td align="left">  </td>        <td align="right"> 2 </td>        <td align="left"> Admin </td>        <td align="left"> 0 </td>        <td align="left"> preferences-system.png </td>        <td align="left"> No </td>        <td align="left"> On </td>        <td align="left"> form3.png </td>        <td align="center"> 0 </td>    </tr>    <tr class="listTextAlt">
    <td align="center"> 124 </td>        <td align="right"> 124 </td>        <td align="left"> View Nationality </td>        <td align="left"> modules/citizen/listview_nationality.php </td>        <td align="left"> View Nationality </td>        <td align="left">  </td>        <td align="right"> 2 </td>        <td align="left"> Admin </td>        <td align="left"> 0 </td>        <td align="left"> preferences-system.png </td>        <td align="left"> Yes </td>        <td align="left"> On </td>        <td align="left"> form3.png </td>        <td align="center"> 0 </td>    </tr><tr style="background-color: #999999;">
<th align="center">124</th>    <th align="right">  </th>    <th align="left">  </th>    <th align="left">  </th>    <th align="left">  </th>    <th align="left">  </th>    <th align="right">  </th>    <th align="left">  </th>    <th align="left">  </th>    <th align="left">  </th>    <th align="left">  </th>    <th align="left">  </th>    <th align="left">  </th>    <th align="center">  </th></tr>
</table>