<table width="100%" border="1">
<tr style="background-color: #999999;">
<th align="center">#</th>    <th align="center"> Request Has Requirement ID </th>    <th align="center"> Date Submitted </th>    <th align="center"> Requirement Document </th>    <th align="center"> [Request] Request ID </th>    <th align="center"> [Request] Date Filed </th>    <th align="center"> [Request] Date Served </th>    <th align="center"> status </th>    </tr>    <tr class="listText">
    <td align="center"> 1 </td>        <td align="center"> 11 </td>        <td align="left"> 2016-04-14 </td>        <td align="left"> sampbuspermitform.pdf </td>        <td align="center"> 11 </td>        <td align="left"> 2016-04-14 </td>        <td align="left"> 2016-04-14 </td>        <td align="left">  </td>    </tr>    <tr class="listTextAlt">
    <td align="center"> 2 </td>        <td align="center"> 12 </td>        <td align="left"> 2016-04-14 </td>        <td align="left"> dec91ea24c779eb08cbbb08872db351fb9082d4asampbuspermitform.pdf </td>        <td align="center"> 12 </td>        <td align="left"> 2016-04-14 </td>        <td align="left"> 2016-04-14 </td>        <td align="left"> Not Accepted </td>    </tr>    <tr class="listText">
    <td align="center"> 3 </td>        <td align="center"> 13 </td>        <td align="left"> 2016-04-14 </td>        <td align="left"> f370eebaa9ce9aecc2ce5f1dd9f70ece2182c592Capture.PNG </td>        <td align="center"> 13 </td>        <td align="left"> 2016-04-14 </td>        <td align="left"> 2016-04-14 </td>        <td align="left"> Accepted </td>    </tr><tr style="background-color: #999999;">
<th align="center">3</th>    <th align="center">  </th>    <th align="left">  </th>    <th align="left">  </th>    <th align="center">  </th>    <th align="left">  </th>    <th align="left">  </th>    <th align="left">  </th></tr>
</table>